// Jest Snapshot v1, https://goo.gl/fbAQLP

exports[`GreaterThanAssertCard matches snapshot 1`] = `
<CodeCard
  cardTitle="Greater Than - Assert"
  codeSnippet={
    Object {
      "code": Array [
        "t.expect( actual ).gt( expected, message, options );",
      ],
      "example": "import { Selector } from 'testcafe';

  fixture \`My fixture\`;
  
  test('My test', async t => {
      await t
        .expect(Selector('#element').clientWidth).gt(300)
        .expect(5).gt(2, '5 is greater than 2');
  });",
      "language": "javascript",
      "options": "{ 
    timeout: Number,
      allowUnawaitedPromise: Boolean 
  }",
    }
  }
  description="Asserts that actual is greater than expected."
  fullDocLink="https://devexpress.github.io/testcafe/documentation/test-api/assertions/assertion-api.html#greater-than"
/>
`;
