// Jest Snapshot v1, https://goo.gl/fbAQLP

exports[`OkAssertCard matches snapshot 1`] = `
<CodeCard
  cardTitle="Ok - Assert"
  codeSnippet={
    Object {
      "code": Array [
        "t.expect( actual ).ok( message, options );",
      ],
      "example": "import { Selector } from 'testcafe';

  fixture \`My fixture\`;
  
  test('My test', async t => {
      await t
        .expect(Selector('#element').exists).ok()
        .expect('ok').ok('this assertion will pass')
        .expect(false).ok('this assertion will fail');
  });",
      "language": "javascript",
      "options": "{ 
    timeout: Number,
      allowUnawaitedPromise: Boolean 
  }",
    }
  }
  description="Asserts that actual is true."
  fullDocLink="https://devexpress.github.io/testcafe/documentation/test-api/assertions/assertion-api.html#ok"
/>
`;
