// Jest Snapshot v1, https://goo.gl/fbAQLP

exports[`WithinAssertCard matches snapshot 1`] = `
<CodeCard
  cardTitle="Within - Assert"
  codeSnippet={
    Object {
      "code": Array [
        "t.expect( actual ).within( start, finish, message, options );",
      ],
      "example": "import { Selector } from 'testcafe';

  fixture \`My fixture\`;
  
  test('My test', async t => {
      await t
        .expect(Selector('#element').scrollTop).within(300, 400)
        .expect(5).within(3, 10, 'this assertion will pass');
  });",
      "language": "javascript",
      "options": "{ 
    timeout: Number,
      allowUnawaitedPromise: Boolean 
  }",
    }
  }
  description="Asserts that actual is within a range from start to finish. Bounds are inclusive."
  fullDocLink="https://devexpress.github.io/testcafe/documentation/test-api/assertions/assertion-api.html#within"
/>
`;
