// Jest Snapshot v1, https://goo.gl/fbAQLP

exports[`ClickActionCard matches snapshot 1`] = `
<CodeCard
  cardTitle="Hover Action"
  codeSnippet={
    Object {
      "code": Array [
        "t.hover( selector [, options] )",
      ],
      "example": "import { Selector } from 'testcafe';

  const comboBox = Selector('.combo-box');
  
  fixture \`My fixture\`
      .page \`http://www.example.com/\`;
  
  test('Select combo box value', async t => {
      await t
          .hover(comboBox)
          .click('#i-prefer-both')
          .expect(comboBox.value).eql('Both');
  });",
      "language": "javascript",
      "options": "{
      modifiers: {
          ctrl: Boolean,
          alt: Boolean,
          shift: Boolean,
          meta: Boolean
      },
  
      offsetX: Number,
      offsetY: Number,
      destinationOffsetX: Number,
      destinationOffsetY: Number,
      speed: Number
  }",
    }
  }
  description="Hovers the mouse pointer over a webpage element."
  fullDocLink="https://devexpress.github.io/testcafe/documentation/test-api/actions/hover.html"
/>
`;
