// Jest Snapshot v1, https://goo.gl/fbAQLP

exports[`InstallCard matches snapshot 1`] = `
<CodeCard
  cardTitle="Install TestCafe"
  codeSnippet={
    Object {
      "code": Array [
        "npm install -D testcafe",
      ],
      "language": "plaintext",
    }
  }
/>
`;
